src/app/dashboard/settings/page.tsx(81,87): error TS2339: Property 'businessType' does not exist on type 'Workspace'.
